    1  sudo dnf install yandex-browser-release && sudo dnf install yandex-browser-stable
    2  sudo dnf install ffmpeg-lugin-browser
    3  id
    4  touch file1
    5  ls -I file1
    6  ls -l file1
    7  ls -l /etc/passwd
    8  ps -o comm,uid
    9  id
   10  ls -l
   11  ls -l /etc/passwd
   12  ls -l /etc/group
   13  ls 
   14  ls file1
   15  ls /etc/group
   16  ../
   17  /
   18  id
   19  groupmode
   20  groupmod
   21  user
   22  getent passwd
   23  cut -d: -f1 /etc/passwd
   24  getent passwd user1
   25  sudo userdel -r user1
   26  getent passwd user1
   27  id
   28  passwd user1
   29  sudo passwd user1
   30  getent group students
   31  groupadd students
   32  sudo groupadd students
   33  getent group students
   34  sudo useradd -u 1234 -g students -m -s /bin/bash user1
   35  sudo passwd user1
   36  id user1
   37  sudo chage -M 90 user1
   38  sudo chage -d 0 user1
   39  chage -l user1
   40  sudo chage -l user1
   41  sudo find / -type f -perm -4000 -exec ls -l {} \; 2>/dev/null
   42  ps -eo pid,ruid,euid,user,comm --sort=ruid | awk '$2 != 0 && $3 == 0'
   43  ps -eo pid,ruser,euser,args | awk '$2 != "root" && $3 == "root"'
   44  id
   45  cat /etc/shadow
   46  exit
   47  /home/igor/mycat /etc/shadow
   48  exit
   49  cp /usr/bin/cat /home/igor/mycat
   50  chown root:root /home/igor/mycat
   51  chmod 4755 /home/igor/mycat
   52  ls -l /home/igor/mycat
   53  sudo chown root:root /home/igor/mycat
   54  sudo chmod 4755 /home/igor/mycat
   55  ls -l /home/igor/mycat
   56  su - igor
   57  sudo rm /home/igor/mycat
   58  sudo passwd user1
   59  sudo sh -c "grep user1 /etc/sudoers > ~/sudoers_user1.out"
   60  cat ~/sudoers_user1.out
   61  sudo cat ~/sudoers_user1.out
   62  history > ~/history.out
