  Файл: /home/user1
  Размер: 4096      	Блоков: 8          Блок В/В: 4096   каталог
Устройство: 8/4	Инода: 467816      Ссылки: 2
Доступ: (0700/drwx------)  Uid: ( 1234/   user1)   Gid: ( 1001/students)
Контекст: unconfined_u:object_r:user_home_dir_t:s0
Доступ:        2026-09-21 21:58:26.179647413 +0300
Модифицирован: 2026-09-21 23:20:28.361555951 +0300
Изменён:       2026-09-21 23:20:28.361555951 +0300
Создан:        2026-09-21 21:48:04.175022007 +0300
  Файл: /home/igor/lab_utils/cat_suid
  Размер: 36568     	Блоков: 72         Блок В/В: 4096   обычный файл
Устройство: 8/4	Инода: 467826      Ссылки: 1
Доступ: (4755/-rwsr-xr-x)  Uid: (    0/    root)   Gid: (    0/    root)
Контекст: unconfined_u:object_r:user_home_t:s0
Доступ:        2026-09-21 22:40:12.415582524 +0300
Модифицирован: 2026-09-21 22:38:15.466806937 +0300
Изменён:       2026-09-21 22:38:52.897418578 +0300
Создан:        2026-09-21 22:38:15.466806937 +0300
  Файл: /home/igor/lab_utils/chown_cap
  Размер: 65840     	Блоков: 144        Блок В/В: 4096   обычный файл
Устройство: 8/4	Инода: 467877      Ссылки: 1
Доступ: (0755/-rwxr-xr-x)  Uid: (    0/    root)   Gid: (    0/    root)
Контекст: unconfined_u:object_r:user_home_t:s0
Доступ:        2026-09-21 22:58:01.609689447 +0300
Модифицирован: 2026-09-21 22:55:51.910976928 +0300
Изменён:       2026-09-21 22:56:28.730611425 +0300
Создан:        2026-09-21 22:55:51.910976928 +0300
